// Vitest Snapshot v1, https://vitest.dev/guide/snapshot.html

exports[`when input is not valid > should resolve to a failure 1`] = `
{
  "message": "Failed to create bucket",
  "ok": false,
}
`;

exports[`when input is valid > should resolve with success 1`] = `
{
  "data": {
    "id": 1,
    "name": "Empty Bucket",
    "plantId": 0,
  },
  "message": "Bucket created",
  "ok": true,
}
`;
