// Vitest Snapshot v1, https://vitest.dev/guide/snapshot.html

exports[`when bucket is not in database > should return a result 1`] = `
{
  "message": "Failed to remove reading",
  "ok": false,
}
`;

exports[`when reading is in the database > should return a result 1`] = `
{
  "data": 1,
  "message": "Reading deleted",
  "ok": true,
}
`;
